0 verbose cli /opt/homebrew/Cellar/node/25.9.0_1/bin/node /opt/homebrew/bin/npm
1 info using npm@11.12.1
2 info using node@v25.9.0
3 silly config load:file:/opt/homebrew/lib/node_modules/npm/npmrc
4 silly config load:file:/Users/mizi/Desktop/oppo训练营_孙米子_AI智能笔记最终提交-9附件上传版/_work/mingxi/.npmrc
5 silly config load:file:/Users/mizi/.npmrc
6 silly config load:file:/opt/homebrew/etc/npmrc
7 verbose title npm view @cloudbase/cli bin
8 verbose argv "view" "@cloudbase/cli" "bin" "--cache" "/Users/mizi/Desktop/oppo训练营_孙米子_AI智能笔记最终提交-9附件上传版/_work/mingxi/.npm-cache"
9 verbose logfile logs-max:10 dir:/Users/mizi/Desktop/oppo训练营_孙米子_AI智能笔记最终提交-9附件上传版/_work/mingxi/.npm-cache/_logs/2026-08-27T14_08_05_621Z-
10 verbose logfile /Users/mizi/Desktop/oppo训练营_孙米子_AI智能笔记最终提交-9附件上传版/_work/mingxi/.npm-cache/_logs/2026-08-27T14_08_05_621Z-debug-0.log
11 silly logfile done cleaning log files
12 http fetch GET 200 https://registry.npmjs.org/npm 1558ms
13 http fetch GET 200 https://registry.npmjs.org/@cloudbase%2fcli 1688ms (cache miss)
14 verbose cwd /Users/mizi/Desktop/oppo训练营_孙米子_AI智能笔记最终提交-9附件上传版/_work/mingxi
15 verbose os Darwin 24.3.0
16 verbose node v25.9.0
17 verbose npm  v11.12.1
18 notice
18 notice New minor version of npm available! 11.12.1 -> 11.19.1
18 notice Changelog: https://github.com/npm/cli/releases/tag/v11.19.1
18 notice To update run: npm install -g npm@11.19.1
18 notice  { force: true, Symbol(proc-log.meta): true }
19 verbose exit 0
20 info ok
